// Vitest Snapshot v1, https://vitest.dev/guide/snapshot.html

exports[`Real archives are parsed properly (__testdata__/example1.zip) 1`] = `
[
  "wallhaven-6q552w.jpg",
  "__MACOSX/._wallhaven-6q552w.jpg",
  "wallhaven-6qd6rw.jpg",
  "__MACOSX/._wallhaven-6qd6rw.jpg",
  "wallhaven-6qq18w.jpg",
  "__MACOSX/._wallhaven-6qq18w.jpg",
]
`;

exports[`Real archives are parsed properly (__testdata__/example1.zip) 2`] = `
[
  163664,
  188,
  554382,
  188,
  1150840,
  188,
]
`;

exports[`Real archives are parsed properly (__testdata__/example1.zip) 3`] = `
[
  2021-05-26T03:21:44.000Z,
  2021-05-26T03:21:44.000Z,
  2019-11-29T22:39:36.000Z,
  2019-11-29T22:39:36.000Z,
  2021-03-05T22:57:34.000Z,
  2021-03-05T22:57:34.000Z,
]
`;

exports[`Real archives are parsed properly (__testdata__/example2.zip) 1`] = `
[
  "unzzz-f16bf07ca9d203b608c01ee581a0eb435843909c/",
  "unzzz-f16bf07ca9d203b608c01ee581a0eb435843909c/.eslintrc.json",
  "unzzz-f16bf07ca9d203b608c01ee581a0eb435843909c/.gitattributes",
  "unzzz-f16bf07ca9d203b608c01ee581a0eb435843909c/.github/",
  "unzzz-f16bf07ca9d203b608c01ee581a0eb435843909c/.github/workflows/",
  "unzzz-f16bf07ca9d203b608c01ee581a0eb435843909c/.github/workflows/main.yml",
  "unzzz-f16bf07ca9d203b608c01ee581a0eb435843909c/.gitignore",
  "unzzz-f16bf07ca9d203b608c01ee581a0eb435843909c/.nowignore",
  "unzzz-f16bf07ca9d203b608c01ee581a0eb435843909c/.npmignore",
  "unzzz-f16bf07ca9d203b608c01ee581a0eb435843909c/CODE_OF_CONDUCT.md",
  "unzzz-f16bf07ca9d203b608c01ee581a0eb435843909c/LICENSE",
  "unzzz-f16bf07ca9d203b608c01ee581a0eb435843909c/README.md",
  "unzzz-f16bf07ca9d203b608c01ee581a0eb435843909c/jest.config.js",
  "unzzz-f16bf07ca9d203b608c01ee581a0eb435843909c/lib/",
  "unzzz-f16bf07ca9d203b608c01ee581a0eb435843909c/lib/base/",
  "unzzz-f16bf07ca9d203b608c01ee581a0eb435843909c/lib/base/crc.test.ts",
  "unzzz-f16bf07ca9d203b608c01ee581a0eb435843909c/lib/base/crc.ts",
  "unzzz-f16bf07ca9d203b608c01ee581a0eb435843909c/lib/base/reader.test.ts",
  "unzzz-f16bf07ca9d203b608c01ee581a0eb435843909c/lib/base/reader.ts",
  "unzzz-f16bf07ca9d203b608c01ee581a0eb435843909c/lib/cdl.ts",
  "unzzz-f16bf07ca9d203b608c01ee581a0eb435843909c/lib/eocd.ts",
  "unzzz-f16bf07ca9d203b608c01ee581a0eb435843909c/lib/lh.ts",
  "unzzz-f16bf07ca9d203b608c01ee581a0eb435843909c/lib/types/",
  "unzzz-f16bf07ca9d203b608c01ee581a0eb435843909c/lib/types/mappable.ts",
  "unzzz-f16bf07ca9d203b608c01ee581a0eb435843909c/lib/types/signatures.ts",
  "unzzz-f16bf07ca9d203b608c01ee581a0eb435843909c/lib/unzzz.test.ts",
  "unzzz-f16bf07ca9d203b608c01ee581a0eb435843909c/lib/unzzz.ts",
  "unzzz-f16bf07ca9d203b608c01ee581a0eb435843909c/now.json",
  "unzzz-f16bf07ca9d203b608c01ee581a0eb435843909c/package.json",
  "unzzz-f16bf07ca9d203b608c01ee581a0eb435843909c/prettier.config.js",
  "unzzz-f16bf07ca9d203b608c01ee581a0eb435843909c/tsconfig.json",
  "unzzz-f16bf07ca9d203b608c01ee581a0eb435843909c/yarn.lock",
]
`;

exports[`Real archives are parsed properly (__testdata__/example2.zip) 2`] = `
[
  0,
  173,
  73,
  0,
  0,
  650,
  102,
  102,
  37,
  114,
  1073,
  1754,
  116,
  0,
  0,
  252,
  451,
  3057,
  1474,
  3622,
  1487,
  3044,
  0,
  70,
  159,
  3319,
  7532,
  226,
  877,
  169,
  382,
  200472,
]
`;

exports[`Real archives are parsed properly (__testdata__/example2.zip) 3`] = `
[
  2020-12-24T15:40:50.000Z,
  2020-12-24T15:40:50.000Z,
  2020-12-24T15:40:50.000Z,
  2020-12-24T15:40:50.000Z,
  2020-12-24T15:40:50.000Z,
  2020-12-24T15:40:50.000Z,
  2020-12-24T15:40:50.000Z,
  2020-12-24T15:40:50.000Z,
  2020-12-24T15:40:50.000Z,
  2020-12-24T15:40:50.000Z,
  2020-12-24T15:40:50.000Z,
  2020-12-24T15:40:50.000Z,
  2020-12-24T15:40:50.000Z,
  2020-12-24T15:40:50.000Z,
  2020-12-24T15:40:50.000Z,
  2020-12-24T15:40:50.000Z,
  2020-12-24T15:40:50.000Z,
  2020-12-24T15:40:50.000Z,
  2020-12-24T15:40:50.000Z,
  2020-12-24T15:40:50.000Z,
  2020-12-24T15:40:50.000Z,
  2020-12-24T15:40:50.000Z,
  2020-12-24T15:40:50.000Z,
  2020-12-24T15:40:50.000Z,
  2020-12-24T15:40:50.000Z,
  2020-12-24T15:40:50.000Z,
  2020-12-24T15:40:50.000Z,
  2020-12-24T15:40:50.000Z,
  2020-12-24T15:40:50.000Z,
  2020-12-24T15:40:50.000Z,
  2020-12-24T15:40:50.000Z,
  2020-12-24T15:40:50.000Z,
]
`;
